✓ Lockfile passes supply-chain policies (verified 1d ago)
Progress: resolved 1, reused 0, downloaded 0, added 0
Progress: resolved 15, reused 14, downloaded 0, added 0
[WARN] GET https://registry.npmjs.org/next error (ERR_SSL_SSL/TLS_ALERT_BAD_RECORD_MAC). Will retry in 10 seconds. 2 retries left.
Progress: resolved 31, reused 31, downloaded 0, added 0
Progress: resolved 33, reused 32, downloaded 0, added 0
Progress: resolved 33, reused 32, downloaded 1, added 0
Progress: resolved 34, reused 33, downloaded 1, added 0
Progress: resolved 35, reused 33, downloaded 1, added 0
Progress: resolved 36, reused 35, downloaded 1, added 0
Progress: resolved 37, reused 35, downloaded 1, added 0
Progress: resolved 37, reused 36, downloaded 1, added 0
[WARN] Request took 15242ms: https://registry.npmjs.org/next
Progress: resolved 38, reused 36, downloaded 1, added 0
Progress: resolved 142, reused 105, downloaded 1, added 0
Progress: resolved 215, reused 153, downloaded 1, added 0
Progress: resolved 248, reused 171, downloaded 1, added 0
Progress: resolved 251, reused 235, downloaded 8, added 0
Progress: resolved 377, reused 297, downloaded 8, added 0
[WARN] GET https://registry.npmjs.org/@sentry/react/-/react-10.69.0.tgz error (ERR_SSL_SSL/TLS_ALERT_BAD_RECORD_MAC). Will retry in 10 seconds. 2 retries left.
Progress: resolved 460, reused 409, downloaded 10, added 0
[WARN] GET https://registry.npmjs.org/commondir error (UND_ERR_SOCKET). Will retry in 10 seconds. 2 retries left.
Progress: resolved 524, reused 428, downloaded 12, added 0
Progress: resolved 622, reused 486, downloaded 15, added 0
Progress: resolved 622, reused 486, downloaded 19, added 0
Progress: resolved 622, reused 486, downloaded 20, added 0
[WARN] Request took 12676ms: https://registry.npmjs.org/commondir
Progress: resolved 629, reused 488, downloaded 20, added 0
[WARN] GET https://registry.npmjs.org/@sentry%2Freplay-canvas error (UND_ERR_SOCKET). Will retry in 10 seconds. 2 retries left.
Progress: resolved 789, reused 568, downloaded 21, added 0
Progress: resolved 849, reused 668, downloaded 24, added 0
Progress: resolved 849, reused 668, downloaded 26, added 0
Progress: resolved 849, reused 668, downloaded 27, added 0
Progress: resolved 850, reused 668, downloaded 27, added 0
Progress: resolved 850, reused 668, downloaded 28, added 0
[WARN] Request took 10662ms: https://registry.npmjs.org/@sentry%2Freplay-canvas
Progress: resolved 851, reused 668, downloaded 28, added 0
Progress: resolved 1001, reused 793, downloaded 30, added 0
Progress: resolved 1030, reused 793, downloaded 56, added 0
[WARN] 2 deprecated subdependencies found: @esbuild-kit/core-utils@3.3.2, @esbuild-kit/esm-loader@2.6.5
Progress: resolved 1034, reused 793, downloaded 65, added 0
Packages: +132 -34
+++++++++++++++++++++++++++++++++++++++++++++++++++++++++++++++-----------------
Progress: resolved 1034, reused 793, downloaded 66, added 28
Progress: resolved 1034, reused 793, downloaded 66, added 83
Progress: resolved 1034, reused 793, downloaded 66, added 132, done

dependencies:
+ @sentry/nextjs 10.69.0

[ERR_PNPM_IGNORED_BUILDS] Ignored build scripts: @sentry/cli@2.58.6

Run "pnpm approve-builds" to pick which dependencies should be allowed to run scripts.
